2025-03-14 23:22:33,884 - root - INFO - Attach <PtraceProcess #0> to debugger
2025-03-14 23:56:06,019 - root - INFO - Attach <PtraceProcess #625> to debugger
2025-03-14 23:58:27,916 - root - INFO - Attach <PtraceProcess #1203> to debugger
2025-03-14 23:59:58,151 - root - INFO - Attach <PtraceProcess #515> to debugger
2025-03-15 00:02:35,788 - root - INFO - Attach <PtraceProcess #969> to debugger
2025-03-15 00:02:35,790 - src.monitor.syscall_monitor - ERROR - Unexpected error attaching to process 969: Process 969 terminated abnormally
2025-03-15 00:02:41,705 - root - INFO - Attach <PtraceProcess #969> to debugger
2025-03-15 00:02:41,706 - src.monitor.syscall_monitor - ERROR - Unexpected error attaching to process 969: Process 969 terminated abnormally
2025-03-15 00:02:44,422 - root - INFO - Attach <PtraceProcess #969> to debugger
2025-03-15 00:02:44,423 - src.monitor.syscall_monitor - ERROR - Unexpected error attaching to process 969: Process 969 terminated abnormally
2025-03-15 00:03:00,688 - root - INFO - Attach <PtraceProcess #684> to debugger
2025-03-15 00:03:00,689 - src.monitor.syscall_monitor - ERROR - Unexpected error attaching to process 684: Process 684 terminated abnormally
2025-03-15 00:03:08,924 - root - INFO - Attach <PtraceProcess #684> to debugger
2025-03-15 00:03:08,933 - src.monitor.syscall_monitor - ERROR - Unexpected error attaching to process 684: Process 684 terminated abnormally
2025-03-15 00:03:20,746 - src.monitor.syscall_monitor - INFO - Stopped system call monitoring
2025-03-15 00:09:46,627 - src.monitor.syscall_monitor - INFO - Stopped system call monitoring
2025-03-15 00:09:54,686 - src.monitor.syscall_monitor - INFO - Stopped system call monitoring
2025-03-15 00:09:57,037 - src.monitor.syscall_monitor - INFO - Stopped system call monitoring
2025-03-17 14:33:47,122 - src.monitor.syscall_monitor - INFO - Stopped system call monitoring
2025-03-17 14:33:58,194 - src.monitor.syscall_monitor - INFO - Stopped system call monitoring
2025-03-17 14:34:11,535 - src.monitor.syscall_monitor - INFO - Stopped system call monitoring
2025-03-17 14:34:24,626 - src.monitor.syscall_monitor - INFO - Stopped system call monitoring
2025-03-17 14:37:46,586 - src.monitor.syscall_monitor - INFO - Stopped system call monitoring
2025-03-17 14:37:49,562 - src.monitor.syscall_monitor - INFO - Stopped system call monitoring
2025-03-17 14:39:38,214 - root - INFO - Attach <PtraceProcess #552> to debugger
2025-03-17 14:39:38,216 - src.monitor.syscall_monitor - ERROR - Unexpected error attaching to process 552: Process 552 terminated abnormally
2025-03-17 14:39:57,212 - root - INFO - Attach <PtraceProcess #552> to debugger
2025-03-17 14:39:57,214 - src.monitor.syscall_monitor - ERROR - Unexpected error attaching to process 552: Process 552 terminated abnormally
2025-03-17 14:40:26,330 - root - INFO - Attach <PtraceProcess #552> to debugger
2025-03-17 14:40:26,332 - src.monitor.syscall_monitor - ERROR - Unexpected error attaching to process 552: Process 552 terminated abnormally
2025-03-17 14:43:18,341 - src.monitor.syscall_monitor - INFO - Stopped system call monitoring
2025-03-17 14:44:22,815 - src.monitor.syscall_monitor - ERROR - Cannot attach to root process 537 for security reasons
2025-03-17 14:44:27,814 - src.monitor.syscall_monitor - ERROR - Cannot attach to root process 537 for security reasons
2025-03-17 14:44:37,147 - root - INFO - Attach <PtraceProcess #9813> to debugger
2025-03-17 14:44:37,148 - src.monitor.syscall_monitor - ERROR - Unexpected error attaching to process 9813: Process 9813 terminated abnormally
2025-03-17 14:44:41,829 - root - INFO - Attach <PtraceProcess #9813> to debugger
2025-03-17 14:44:41,830 - src.monitor.syscall_monitor - ERROR - Unexpected error attaching to process 9813: Process 9813 terminated abnormally
2025-03-17 14:44:46,829 - root - INFO - Attach <PtraceProcess #9813> to debugger
2025-03-17 14:44:46,829 - src.monitor.syscall_monitor - ERROR - Unexpected error attaching to process 9813: Process 9813 terminated abnormally
2025-03-17 14:44:50,229 - root - INFO - Attach <PtraceProcess #9813> to debugger
2025-03-17 14:44:50,229 - src.monitor.syscall_monitor - ERROR - Unexpected error attaching to process 9813: Process 9813 terminated abnormally
2025-03-17 14:47:56,185 - src.monitor.syscall_monitor - INFO - Stopped system call monitoring
2025-03-17 14:48:01,280 - src.monitor.syscall_monitor - INFO - [13312] - Loaded security configuration
2025-03-17 14:48:08,014 - src.monitor.syscall_monitor - ERROR - [13312] - Cannot attach to root process 531 for security reasons
2025-03-17 14:48:16,980 - src.monitor.syscall_monitor - ERROR - [13312] - Cannot attach to root process 531 for security reasons
2025-03-17 14:50:08,086 - src.monitor.syscall_monitor - INFO - [13312] - Stopped system call monitoring
2025-03-17 14:50:12,497 - src.monitor.syscall_monitor - INFO - [13497] - Loaded security configuration
2025-03-17 14:50:33,379 - root - INFO - [13497] - Attach <PtraceProcess #8965> to debugger
2025-03-17 14:50:33,380 - src.monitor.syscall_monitor - ERROR - [13497] - Unexpected error attaching to process 8965: Process 8965 terminated abnormally
2025-03-17 14:52:18,381 - src.monitor.syscall_monitor - INFO - [13497] - Stopped system call monitoring
2025-03-17 14:52:40,325 - src.monitor.syscall_monitor - INFO - [13733] - Loaded security configuration
2025-03-17 14:52:47,224 - root - INFO - [13733] - Attach <PtraceProcess #552> to debugger
2025-03-17 14:52:47,226 - src.monitor.syscall_monitor - ERROR - [13733] - [13733] - Unexpected error attaching to process 552: Process 552 terminated abnormally
2025-03-17 14:52:49,446 - src.monitor.syscall_monitor - INFO - [13733] - [13733] - Stopped system call monitoring
2025-03-17 14:53:05,494 - src.monitor.syscall_monitor - INFO - [13824] - Loaded security configuration
2025-03-17 14:53:13,174 - root - INFO - [13824] - Attach <PtraceProcess #516> to debugger
2025-03-17 14:53:13,176 - src.monitor.syscall_monitor - ERROR - [13824] - [13824] - Unexpected error attaching to process 516: Process 516 terminated abnormally
2025-03-17 14:53:16,023 - root - INFO - [13824] - Attach <PtraceProcess #516> to debugger
2025-03-17 14:53:16,024 - src.monitor.syscall_monitor - ERROR - [13824] - [13824] - Unexpected error attaching to process 516: Process 516 terminated abnormally
2025-03-17 14:54:12,957 - root - INFO - [13824] - Attach <PtraceProcess #13824> to debugger
2025-03-17 14:54:12,960 - src.monitor.syscall_monitor - ERROR - [13824] - [13824] - Unexpected error attaching to process 13824: Process 13824 terminated abnormally
2025-03-17 14:54:20,873 - root - INFO - [13824] - Attach <PtraceProcess #13824> to debugger
2025-03-17 14:54:20,874 - src.monitor.syscall_monitor - ERROR - [13824] - [13824] - Unexpected error attaching to process 13824: Process 13824 terminated abnormally
2025-03-17 14:54:23,550 - src.monitor.syscall_monitor - INFO - [13824] - [13824] - Stopped system call monitoring
2025-03-17 14:57:43,608 - root - INFO - [14117] - Attach <PtraceProcess #1141> to debugger
2025-03-17 14:57:43,610 - src.monitor.syscall_monitor - ERROR - [14117] - [14117] - Unexpected error attaching to process 1141: Process 1141 terminated abnormally
2025-03-17 14:57:55,059 - src.monitor.syscall_monitor - INFO - [14117] - [14117] - Stopped system call monitoring
2025-03-17 14:59:52,941 - root - INFO - [14499] - Attach <PtraceProcess #14480> to debugger
2025-03-17 14:59:52,943 - src.monitor.syscall_monitor - ERROR - [14499] - [14499] - Unexpected error attaching to process 14480: Process 14480 terminated abnormally
2025-03-17 15:00:29,309 - src.monitor.syscall_monitor - INFO - [14499] - [14499] - Stopped system call monitoring
2025-03-17 15:02:13,424 - root - INFO - [14779] - Attach <PtraceProcess #14347> to debugger
2025-03-17 15:02:13,426 - src.monitor.syscall_monitor - ERROR - [14779] - [14779] - Unexpected error attaching to process 14347: Process 14347 terminated abnormally
2025-03-17 15:02:16,573 - root - INFO - [14779] - Attach <PtraceProcess #14347> to debugger
2025-03-17 15:02:16,574 - src.monitor.syscall_monitor - ERROR - [14779] - [14779] - Unexpected error attaching to process 14347: Process 14347 terminated abnormally
2025-03-17 15:02:19,410 - src.monitor.syscall_monitor - INFO - [14779] - [14779] - Stopped system call monitoring
2025-03-17 15:02:50,523 - root - INFO - [14870] - Attach <PtraceProcess #573> to debugger
2025-03-17 15:02:50,525 - src.monitor.syscall_monitor - ERROR - [14870] - [14870] - Unexpected error attaching to process 573: Process 573 terminated abnormally
2025-03-17 15:02:57,061 - src.monitor.syscall_monitor - INFO - [14870] - [14870] - Stopped system call monitoring
2025-03-17 15:03:50,324 - root - INFO - [14936] - Attach <PtraceProcess #1141> to debugger
2025-03-17 15:03:50,328 - src.monitor.syscall_monitor - ERROR - [14936] - [14936] - Unexpected error attaching to process 1141: Process 1141 terminated abnormally
2025-03-17 15:05:53,950 - root - INFO - [15220] - Attach process 15220
2025-03-17 15:05:53,952 - src.monitor.syscall_monitor - ERROR - [15220] - Failed to initialize ptrace on macOS: ptrace(cmd=10, pid=15220, 0, 0) error #22: Invalid argument
2025-03-17 15:05:53,952 - src.monitor.syscall_monitor - ERROR - [15220] - On macOS, the application needs additional security permissions
2025-03-17 15:06:16,271 - src.monitor.syscall_monitor - INFO - [15220] - [15220] - Stopped system call monitoring
2025-03-17 15:06:18,488 - src.monitor.syscall_monitor - INFO - [15220] - [15220] - Stopped system call monitoring
2025-03-17 15:06:48,191 - root - INFO - [15279] - Attach process 15279
2025-03-17 15:06:48,192 - src.monitor.syscall_monitor - ERROR - [15279] - Failed to initialize ptrace on macOS: ptrace(cmd=10, pid=15279, 0, 0) error #22: Invalid argument
2025-03-17 15:06:48,192 - src.monitor.syscall_monitor - ERROR - [15279] - On macOS, the application needs additional security permissions
2025-03-17 15:07:03,157 - src.monitor.syscall_monitor - INFO - [15279] - [15279] - Stopped system call monitoring
2025-03-17 15:07:08,477 - src.monitor.syscall_monitor - INFO - [15279] - [15279] - Stopped system call monitoring
2025-03-17 15:07:15,108 - root - INFO - [15314] - Attach process 15314
2025-03-17 15:07:15,108 - src.monitor.syscall_monitor - ERROR - [15314] - Failed to initialize ptrace on macOS: ptrace(cmd=10, pid=15314, 0, 0) error #22: Invalid argument
2025-03-17 15:07:15,108 - src.monitor.syscall_monitor - ERROR - [15314] - On macOS, the application needs additional security permissions
2025-03-17 15:07:17,684 - src.monitor.syscall_monitor - INFO - [15314] - [15314] - Stopped system call monitoring
2025-03-17 15:07:24,109 - src.monitor.syscall_monitor - INFO - [15314] - [15314] - Stopped system call monitoring
2025-03-17 15:07:35,265 - root - INFO - [15349] - Attach process 15349
2025-03-17 15:07:35,265 - src.monitor.syscall_monitor - ERROR - [15349] - Failed to initialize ptrace on macOS: ptrace(cmd=10, pid=15349, 0, 0) error #22: Invalid argument
2025-03-17 15:07:35,265 - src.monitor.syscall_monitor - ERROR - [15349] - On macOS, the application needs additional security permissions
2025-03-17 15:07:37,682 - src.monitor.syscall_monitor - INFO - [15349] - [15349] - Stopped system call monitoring
2025-03-17 15:07:39,425 - src.monitor.syscall_monitor - INFO - [15349] - [15349] - Stopped system call monitoring
2025-03-17 20:26:31,502 - root - INFO - [16374] - Attach process 16374
2025-03-17 20:26:31,503 - src.monitor.syscall_monitor - ERROR - [16374] - Failed to initialize ptrace on macOS: ptrace(cmd=10, pid=16374, 0, 0) error #22: Invalid argument
2025-03-17 20:26:31,503 - src.monitor.syscall_monitor - ERROR - [16374] - On macOS, the application needs additional security permissions
2025-03-17 20:28:35,453 - src.monitor.syscall_monitor - INFO - [16374] - [16374] - Stopped system call monitoring
2025-03-17 20:28:38,068 - src.monitor.syscall_monitor - INFO - [16374] - [16374] - Stopped system call monitoring
